<!DOCTYPE html><html><head><title>Slim Examples</title><meta content="template language" name="keywords" /><meta content="author" name="author" /></head><body><h1>Markup examples</h1><div id="content"><p>This example shows you how a basic Slim file looks like.</p></div></body></html>
